../../../../../../STM32Cube_FW_N6_V1.0.0/Drivers/STM32N6xx_HAL_Driver/Inc/stm32n6xx_ll_bus.h:1407:22:LL_AHB4_GRP1_EnableClock	24	static
../../../../../../STM32Cube_FW_N6_V1.0.0/Drivers/STM32N6xx_HAL_Driver/Inc/stm32n6xx_ll_bus.h:3639:22:LL_APB5_GRP1_EnableClock	24	static
../../../../../../STM32Cube_FW_N6_V1.0.0/Drivers/STM32N6xx_HAL_Driver/Inc/stm32n6xx_ll_bus.h:3683:22:LL_APB5_GRP1_DisableClock	16	static
../../../../../../STM32Cube_FW_N6_V1.0.0/Drivers/STM32N6xx_HAL_Driver/Inc/stm32n6xx_ll_bus.h:3703:22:LL_APB5_GRP1_ForceReset	16	static
../../../../../../STM32Cube_FW_N6_V1.0.0/Drivers/STM32N6xx_HAL_Driver/Inc/stm32n6xx_ll_bus.h:3723:22:LL_APB5_GRP1_ReleaseReset	16	static
../../../../../../STM32Cube_FW_N6_V1.0.0/Drivers/STM32N6xx_HAL_Driver/Inc/stm32n6xx_ll_bus.h:3743:22:LL_APB5_GRP1_EnableClockLowPower	24	static
E:/Software_Package/Middlewares/STM32_MW_CAMERA/cmw_camera.c:96:23:CMW_CAMERA_GetDCMIPPHandle	4	static
E:/Software_Package/Middlewares/STM32_MW_CAMERA/cmw_camera.c:101:9:CMW_CAMERA_SetPipeConfig	24	static
E:/Software_Package/Middlewares/STM32_MW_CAMERA/cmw_camera.c:111:9:CMW_CAMERA_GetSensorName	40	static
E:/Software_Package/Middlewares/STM32_MW_CAMERA/cmw_camera.c:155:12:CMW_CAMERA_Probe_Sensor	24	static
E:/Software_Package/Middlewares/STM32_MW_CAMERA/cmw_camera.c:196:9:CMW_CAMERA_Init	112	static
E:/Software_Package/Middlewares/STM32_MW_CAMERA/cmw_camera.c:270:9:CMW_CAMERA_SetMirrorFlip	24	static
E:/Software_Package/Middlewares/STM32_MW_CAMERA/cmw_camera.c:296:9:CMW_CAMERA_GetMirrorFlip	16	static
E:/Software_Package/Middlewares/STM32_MW_CAMERA/cmw_camera.c:309:9:CMW_CAMERA_Start	40	static
E:/Software_Package/Middlewares/STM32_MW_CAMERA/cmw_camera.c:347:9:CMW_CAMERA_DoubleBufferStart	40	static
E:/Software_Package/Middlewares/STM32_MW_CAMERA/cmw_camera.c:386:26:MX_DCMIPP_ClockConfig	16	static
E:/Software_Package/Middlewares/STM32_MW_CAMERA/cmw_camera.c:397:9:CMW_CAMERA_DeInit	16	static
E:/Software_Package/Middlewares/STM32_MW_CAMERA/cmw_camera.c:449:9:CMW_CAMERA_Suspend	16	static
E:/Software_Package/Middlewares/STM32_MW_CAMERA/cmw_camera.c:468:9:CMW_CAMERA_Resume	16	static
E:/Software_Package/Middlewares/STM32_MW_CAMERA/cmw_camera.c:487:5:CMW_CAMERA_SetGain	24	static
E:/Software_Package/Middlewares/STM32_MW_CAMERA/cmw_camera.c:510:5:CMW_CAMERA_GetGain	16	static
E:/Software_Package/Middlewares/STM32_MW_CAMERA/cmw_camera.c:521:5:CMW_CAMERA_SetExposure	24	static
E:/Software_Package/Middlewares/STM32_MW_CAMERA/cmw_camera.c:545:5:CMW_CAMERA_GetExposure	16	static
E:/Software_Package/Middlewares/STM32_MW_CAMERA/cmw_camera.c:556:9:CMW_CAMERA_SetExposureMode	24	static
E:/Software_Package/Middlewares/STM32_MW_CAMERA/cmw_camera.c:580:9:CMW_CAMERA_GetExposureMode	16	static
E:/Software_Package/Middlewares/STM32_MW_CAMERA/cmw_camera.c:591:9:CMW_CAMERA_SetTestPattern	24	static
E:/Software_Package/Middlewares/STM32_MW_CAMERA/cmw_camera.c:615:9:CMW_CAMERA_GetTestPattern	16	static
E:/Software_Package/Middlewares/STM32_MW_CAMERA/cmw_camera.c:628:9:CMW_CAMERA_GetSensorInfo	24	static
E:/Software_Package/Middlewares/STM32_MW_CAMERA/cmw_camera.c:649:9:CMW_CAMERA_Run	8	static
E:/Software_Package/Middlewares/STM32_MW_CAMERA/cmw_camera.c:663:12:CMW_CAMERA_PIPE_VsyncEventCallback	16	static
E:/Software_Package/Middlewares/STM32_MW_CAMERA/cmw_camera.c:675:12:CMW_CAMERA_PIPE_FrameEventCallback	16	static
E:/Software_Package/Middlewares/STM32_MW_CAMERA/cmw_camera.c:688:6:HAL_DCMIPP_PIPE_VsyncEventCallback	16	static
E:/Software_Package/Middlewares/STM32_MW_CAMERA/cmw_camera.c:704:6:HAL_DCMIPP_PIPE_FrameEventCallback	16	static
E:/Software_Package/Middlewares/STM32_MW_CAMERA/cmw_camera.c:719:6:HAL_DCMIPP_MspInit	16	static
E:/Software_Package/Middlewares/STM32_MW_CAMERA/cmw_camera.c:754:6:HAL_DCMIPP_MspDeInit	16	static
E:/Software_Package/Middlewares/STM32_MW_CAMERA/cmw_camera.c:781:13:CMW_CAMERA_EnableGPIOs	32	static
E:/Software_Package/Middlewares/STM32_MW_CAMERA/cmw_camera.c:808:13:CMW_CAMERA_PwrDown	32	static
E:/Software_Package/Middlewares/STM32_MW_CAMERA/cmw_camera.c:831:13:CMW_CAMERA_ShutdownPin	16	static
E:/Software_Package/Middlewares/STM32_MW_CAMERA/cmw_camera.c:836:13:CMW_CAMERA_EnablePin	16	static
E:/Software_Package/Middlewares/STM32_MW_CAMERA/cmw_camera.c:842:26:CB_ISP_SetSensorGain	16	static
E:/Software_Package/Middlewares/STM32_MW_CAMERA/cmw_camera.c:850:26:CB_ISP_GetSensorGain	16	static
E:/Software_Package/Middlewares/STM32_MW_CAMERA/cmw_camera.c:858:26:CB_ISP_SetSensorExposure	16	static
E:/Software_Package/Middlewares/STM32_MW_CAMERA/cmw_camera.c:866:26:CB_ISP_GetSensorExposure	16	static
E:/Software_Package/Middlewares/STM32_MW_CAMERA/cmw_camera.c:874:26:CB_ISP_GetSensorInfo	16	static
E:/Software_Package/Middlewares/STM32_MW_CAMERA/cmw_camera.c:1034:16:CMW_CAMERA_IMX335_Init	112	static
E:/Software_Package/Middlewares/STM32_MW_CAMERA/cmw_camera.c:1117:16:CMW_CAMERA_SetPipe	104	static
