../../../../../../STM32Cube_FW_N6_V1.0.0/Drivers/STM32N6xx_HAL_Driver/Inc/stm32n6xx_ll_bus.h:1407:22:LL_AHB4_GRP1_EnableClock	1
E:/Software_Package/Projects/99_Applications/991_AI_People_Detection/FSBL/Core/Src/main.c:72:5:main	6
E:/Software_Package/Projects/99_Applications/991_AI_People_Detection/FSBL/Core/Src/main.c:134:6:SystemClock_Config	8
E:/Software_Package/Projects/99_Applications/991_AI_People_Detection/FSBL/Core/Src/main.c:241:13:MX_XSPI1_Init	4
E:/Software_Package/Projects/99_Applications/991_AI_People_Detection/FSBL/Core/Src/main.c:301:13:MX_XSPI2_Init	3
E:/Software_Package/Projects/99_Applications/991_AI_People_Detection/FSBL/Core/Src/main.c:352:13:MX_GPIO_Init	1
E:/Software_Package/Projects/99_Applications/991_AI_People_Detection/FSBL/Core/Src/main.c:374:6:Error_Handler	1
