E:/Software_Package/Projects/99_Applications/991_AI_People_Detection/Model/network.c:98:26:LL_ATON_Set_User_Input_Buffer_Default	24	static
E:/Software_Package/Projects/99_Applications/991_AI_People_Detection/Model/network.c:113:7:LL_ATON_Get_User_Input_Buffer_Default	16	static
E:/Software_Package/Projects/99_Applications/991_AI_People_Detection/Model/network.c:123:26:LL_ATON_Set_User_Output_Buffer_Default	24	static
E:/Software_Package/Projects/99_Applications/991_AI_People_Detection/Model/network.c:138:7:LL_ATON_Get_User_Output_Buffer_Default	16	static
E:/Software_Package/Middlewares/AI/Npu/ll_aton/ll_aton_caches_interface.h:49:22:LL_ATON_Cache_MCU_Clean_Range	16	static
E:/Software_Package/Middlewares/AI/Npu/ll_aton/ll_aton_caches_interface.h:69:22:LL_ATON_Cache_MCU_Invalidate_Range	16	static
E:/Software_Package/Middlewares/AI/Npu/ll_aton/ll_aton_caches_interface.h:116:22:LL_ATON_Cache_NPU_Clean_Invalidate_Range	16	static
E:/Software_Package/Projects/99_Applications/991_AI_People_Detection/Model/network_ecblobs.h:15669:6:LL_ATON_EC_Network_Init_Default	16	static
E:/Software_Package/Projects/99_Applications/991_AI_People_Detection/Model/network_ecblobs.h:15703:6:LL_ATON_EC_Inference_Init_Default	16	static
E:/Software_Package/Projects/99_Applications/991_AI_People_Detection/Model/network.c:155:13:_ec_blob_cache_start_func_1	16	static
E:/Software_Package/Projects/99_Applications/991_AI_People_Detection/Model/network.c:175:13:LL_ATON_End_EpochBlock_64	32	static
E:/Software_Package/Projects/99_Applications/991_AI_People_Detection/Model/network.c:272:13:_ec_blob_cache_start_func_65	16	static
E:/Software_Package/Projects/99_Applications/991_AI_People_Detection/Model/network.c:286:13:LL_ATON_End_EpochBlock_66	24	static
E:/Software_Package/Projects/99_Applications/991_AI_People_Detection/Model/network.c:411:13:_ec_blob_cache_start_func_67	16	static
E:/Software_Package/Projects/99_Applications/991_AI_People_Detection/Model/network.c:425:13:LL_ATON_End_EpochBlock_86	32	static
E:/Software_Package/Projects/99_Applications/991_AI_People_Detection/Model/network.c:522:13:_ec_blob_cache_start_func_87	16	static
E:/Software_Package/Projects/99_Applications/991_AI_People_Detection/Model/network.c:536:13:LL_ATON_End_EpochBlock_88	24	static
E:/Software_Package/Projects/99_Applications/991_AI_People_Detection/Model/network.c:661:13:_ec_blob_cache_start_func_89	16	static
E:/Software_Package/Projects/99_Applications/991_AI_People_Detection/Model/network.c:675:13:LL_ATON_End_EpochBlock_103	336	static
E:/Software_Package/Projects/99_Applications/991_AI_People_Detection/Model/network.c:745:13:LL_ATON_End_EpochBlock_104	336	static
E:/Software_Package/Projects/99_Applications/991_AI_People_Detection/Model/network.c:816:13:_ec_blob_cache_start_func_105	16	static
E:/Software_Package/Projects/99_Applications/991_AI_People_Detection/Model/network.c:830:13:LL_ATON_End_EpochBlock_110	32	static
E:/Software_Package/Projects/99_Applications/991_AI_People_Detection/Model/network.c:899:13:_ec_blob_cache_start_func_111	16	static
E:/Software_Package/Projects/99_Applications/991_AI_People_Detection/Model/network.c:913:13:LL_ATON_End_EpochBlock_117	40	static
E:/Software_Package/Projects/99_Applications/991_AI_People_Detection/Model/network.c:970:13:_ec_blob_cache_start_func_118	16	static
E:/Software_Package/Projects/99_Applications/991_AI_People_Detection/Model/network.c:990:13:LL_ATON_End_EpochBlock_119	40	static
E:/Software_Package/Projects/99_Applications/991_AI_People_Detection/Model/network.c:1046:13:LL_ATON_End_EpochBlock_120	40	static
E:/Software_Package/Projects/99_Applications/991_AI_People_Detection/Model/network.c:1103:13:_ec_blob_cache_start_func_121	16	static
E:/Software_Package/Projects/99_Applications/991_AI_People_Detection/Model/network.c:1117:13:LL_ATON_End_EpochBlock_124	24	static
E:/Software_Package/Projects/99_Applications/991_AI_People_Detection/Model/network.c:1269:13:LL_ATON_End_EpochBlock_125	40	static
E:/Software_Package/Projects/99_Applications/991_AI_People_Detection/Model/network.c:1325:13:LL_ATON_End_EpochBlock_126	40	static
E:/Software_Package/Projects/99_Applications/991_AI_People_Detection/Model/network.c:1381:13:LL_ATON_End_EpochBlock_127	40	static
E:/Software_Package/Projects/99_Applications/991_AI_People_Detection/Model/network.c:1437:13:LL_ATON_End_EpochBlock_128	40	static
E:/Software_Package/Projects/99_Applications/991_AI_People_Detection/Model/network.c:1493:13:LL_ATON_End_EpochBlock_129	40	static
E:/Software_Package/Projects/99_Applications/991_AI_People_Detection/Model/network.c:1549:13:LL_ATON_End_EpochBlock_130	40	static
E:/Software_Package/Projects/99_Applications/991_AI_People_Detection/Model/network.c:1605:13:LL_ATON_End_EpochBlock_131	40	static
E:/Software_Package/Projects/99_Applications/991_AI_People_Detection/Model/network.c:1661:13:LL_ATON_End_EpochBlock_132	40	static
E:/Software_Package/Projects/99_Applications/991_AI_People_Detection/Model/network.c:1718:13:_ec_blob_cache_start_func_133	16	static
E:/Software_Package/Projects/99_Applications/991_AI_People_Detection/Model/network.c:1744:13:LL_ATON_End_EpochBlock_139	200	static
E:/Software_Package/Projects/99_Applications/991_AI_People_Detection/Model/network.c:1801:13:LL_ATON_End_EpochBlock_140	248	static
E:/Software_Package/Projects/99_Applications/991_AI_People_Detection/Model/network.c:1862:13:LL_ATON_End_EpochBlock_141	200	static
E:/Software_Package/Projects/99_Applications/991_AI_People_Detection/Model/network.c:1920:13:_ec_blob_cache_start_func_142	16	static
E:/Software_Package/Projects/99_Applications/991_AI_People_Detection/Model/network.c:1934:13:LL_ATON_End_EpochBlock_143	200	static
E:/Software_Package/Projects/99_Applications/991_AI_People_Detection/Model/network.c:1991:13:LL_ATON_End_EpochBlock_144	248	static
E:/Software_Package/Projects/99_Applications/991_AI_People_Detection/Model/network.c:2052:13:LL_ATON_End_EpochBlock_145	200	static
E:/Software_Package/Projects/99_Applications/991_AI_People_Detection/Model/network.c:2110:13:_ec_blob_cache_start_func_146	16	static
E:/Software_Package/Projects/99_Applications/991_AI_People_Detection/Model/network.c:2130:13:LL_ATON_End_EpochBlock_151	24	static
E:/Software_Package/Projects/99_Applications/991_AI_People_Detection/Model/network.c:2411:13:_ec_blob_cache_start_func_152	16	static
E:/Software_Package/Projects/99_Applications/991_AI_People_Detection/Model/network.c:2425:13:LL_ATON_End_EpochBlock_159	336	static
E:/Software_Package/Projects/99_Applications/991_AI_People_Detection/Model/network.c:2495:13:LL_ATON_End_EpochBlock_160	336	static
E:/Software_Package/Projects/99_Applications/991_AI_People_Detection/Model/network.c:2566:13:_ec_blob_cache_start_func_161	16	static
E:/Software_Package/Projects/99_Applications/991_AI_People_Detection/Model/network.c:2580:13:LL_ATON_End_EpochBlock_166	32	static
E:/Software_Package/Projects/99_Applications/991_AI_People_Detection/Model/network.c:2649:13:_ec_blob_cache_start_func_167	16	static
E:/Software_Package/Projects/99_Applications/991_AI_People_Detection/Model/network.c:2663:13:LL_ATON_End_EpochBlock_172	40	static
E:/Software_Package/Projects/99_Applications/991_AI_People_Detection/Model/network.c:2720:13:_ec_blob_cache_start_func_173	16	static
E:/Software_Package/Projects/99_Applications/991_AI_People_Detection/Model/network.c:2740:13:LL_ATON_End_EpochBlock_174	40	static
E:/Software_Package/Projects/99_Applications/991_AI_People_Detection/Model/network.c:2796:13:LL_ATON_End_EpochBlock_175	40	static
E:/Software_Package/Projects/99_Applications/991_AI_People_Detection/Model/network.c:2853:13:_ec_blob_cache_start_func_176	16	static
E:/Software_Package/Projects/99_Applications/991_AI_People_Detection/Model/network.c:2867:13:LL_ATON_End_EpochBlock_177	24	static
E:/Software_Package/Projects/99_Applications/991_AI_People_Detection/Model/network.c:3019:13:LL_ATON_End_EpochBlock_178	40	static
E:/Software_Package/Projects/99_Applications/991_AI_People_Detection/Model/network.c:3075:13:LL_ATON_End_EpochBlock_179	40	static
E:/Software_Package/Projects/99_Applications/991_AI_People_Detection/Model/network.c:3131:13:LL_ATON_End_EpochBlock_180	40	static
E:/Software_Package/Projects/99_Applications/991_AI_People_Detection/Model/network.c:3187:13:LL_ATON_End_EpochBlock_181	40	static
E:/Software_Package/Projects/99_Applications/991_AI_People_Detection/Model/network.c:3243:13:LL_ATON_End_EpochBlock_182	40	static
E:/Software_Package/Projects/99_Applications/991_AI_People_Detection/Model/network.c:3299:13:LL_ATON_End_EpochBlock_183	40	static
E:/Software_Package/Projects/99_Applications/991_AI_People_Detection/Model/network.c:3355:13:LL_ATON_End_EpochBlock_184	40	static
E:/Software_Package/Projects/99_Applications/991_AI_People_Detection/Model/network.c:3411:13:LL_ATON_End_EpochBlock_185	40	static
E:/Software_Package/Projects/99_Applications/991_AI_People_Detection/Model/network.c:3468:13:_ec_blob_cache_start_func_186	16	static
E:/Software_Package/Projects/99_Applications/991_AI_People_Detection/Model/network.c:3488:13:LL_ATON_End_EpochBlock_193	200	static
E:/Software_Package/Projects/99_Applications/991_AI_People_Detection/Model/network.c:3545:13:LL_ATON_End_EpochBlock_194	248	static
E:/Software_Package/Projects/99_Applications/991_AI_People_Detection/Model/network.c:3606:13:LL_ATON_End_EpochBlock_195	200	static
E:/Software_Package/Projects/99_Applications/991_AI_People_Detection/Model/network.c:3670:13:_ec_blob_cache_start_func_196	16	static
E:/Software_Package/Projects/99_Applications/991_AI_People_Detection/Model/network.c:3684:13:LL_ATON_End_EpochBlock_197	200	static
E:/Software_Package/Projects/99_Applications/991_AI_People_Detection/Model/network.c:3741:13:LL_ATON_End_EpochBlock_198	248	static
E:/Software_Package/Projects/99_Applications/991_AI_People_Detection/Model/network.c:3802:13:LL_ATON_End_EpochBlock_199	200	static
E:/Software_Package/Projects/99_Applications/991_AI_People_Detection/Model/network.c:3866:13:_ec_blob_cache_start_func_200	16	static
E:/Software_Package/Projects/99_Applications/991_AI_People_Detection/Model/network.c:3886:13:LL_ATON_End_EpochBlock_206	24	static
E:/Software_Package/Projects/99_Applications/991_AI_People_Detection/Model/network.c:4167:13:_ec_blob_cache_start_func_207	16	static
E:/Software_Package/Projects/99_Applications/991_AI_People_Detection/Model/network.c:4181:13:LL_ATON_End_EpochBlock_214	336	static
E:/Software_Package/Projects/99_Applications/991_AI_People_Detection/Model/network.c:4251:13:LL_ATON_End_EpochBlock_215	336	static
E:/Software_Package/Projects/99_Applications/991_AI_People_Detection/Model/network.c:4322:13:_ec_blob_cache_start_func_216	16	static
E:/Software_Package/Projects/99_Applications/991_AI_People_Detection/Model/network.c:4336:13:LL_ATON_End_EpochBlock_221	32	static
E:/Software_Package/Projects/99_Applications/991_AI_People_Detection/Model/network.c:4405:13:_ec_blob_cache_start_func_222	16	static
E:/Software_Package/Projects/99_Applications/991_AI_People_Detection/Model/network.c:4419:13:LL_ATON_End_EpochBlock_227	40	static
E:/Software_Package/Projects/99_Applications/991_AI_People_Detection/Model/network.c:4476:13:_ec_blob_cache_start_func_228	16	static
E:/Software_Package/Projects/99_Applications/991_AI_People_Detection/Model/network.c:4496:13:LL_ATON_End_EpochBlock_229	40	static
E:/Software_Package/Projects/99_Applications/991_AI_People_Detection/Model/network.c:4552:13:LL_ATON_End_EpochBlock_230	40	static
E:/Software_Package/Projects/99_Applications/991_AI_People_Detection/Model/network.c:4609:13:_ec_blob_cache_start_func_231	16	static
E:/Software_Package/Projects/99_Applications/991_AI_People_Detection/Model/network.c:4623:13:LL_ATON_End_EpochBlock_232	24	static
E:/Software_Package/Projects/99_Applications/991_AI_People_Detection/Model/network.c:4775:13:LL_ATON_End_EpochBlock_233	40	static
E:/Software_Package/Projects/99_Applications/991_AI_People_Detection/Model/network.c:4831:13:LL_ATON_End_EpochBlock_234	40	static
E:/Software_Package/Projects/99_Applications/991_AI_People_Detection/Model/network.c:4887:13:LL_ATON_End_EpochBlock_235	40	static
E:/Software_Package/Projects/99_Applications/991_AI_People_Detection/Model/network.c:4943:13:LL_ATON_End_EpochBlock_236	40	static
E:/Software_Package/Projects/99_Applications/991_AI_People_Detection/Model/network.c:4999:13:LL_ATON_End_EpochBlock_237	40	static
E:/Software_Package/Projects/99_Applications/991_AI_People_Detection/Model/network.c:5055:13:LL_ATON_End_EpochBlock_238	40	static
E:/Software_Package/Projects/99_Applications/991_AI_People_Detection/Model/network.c:5111:13:LL_ATON_End_EpochBlock_239	40	static
E:/Software_Package/Projects/99_Applications/991_AI_People_Detection/Model/network.c:5167:13:LL_ATON_End_EpochBlock_240	40	static
E:/Software_Package/Projects/99_Applications/991_AI_People_Detection/Model/network.c:5224:13:_ec_blob_cache_start_func_241	16	static
E:/Software_Package/Projects/99_Applications/991_AI_People_Detection/Model/network.c:5250:13:LL_ATON_End_EpochBlock_247	200	static
E:/Software_Package/Projects/99_Applications/991_AI_People_Detection/Model/network.c:5313:13:LL_ATON_End_EpochBlock_248	248	static
E:/Software_Package/Projects/99_Applications/991_AI_People_Detection/Model/network.c:5380:13:LL_ATON_End_EpochBlock_249	200	static
E:/Software_Package/Projects/99_Applications/991_AI_People_Detection/Model/network.c:5444:13:_ec_blob_cache_start_func_250	16	static
E:/Software_Package/Projects/99_Applications/991_AI_People_Detection/Model/network.c:5464:13:LL_ATON_End_EpochBlock_251	200	static
E:/Software_Package/Projects/99_Applications/991_AI_People_Detection/Model/network.c:5527:13:LL_ATON_End_EpochBlock_252	248	static
E:/Software_Package/Projects/99_Applications/991_AI_People_Detection/Model/network.c:5594:13:LL_ATON_End_EpochBlock_253	200	static
E:/Software_Package/Projects/99_Applications/991_AI_People_Detection/Model/network.c:5658:13:_ec_blob_cache_start_func_254	16	static
E:/Software_Package/Projects/99_Applications/991_AI_People_Detection/Model/network.c:5678:13:LL_ATON_End_EpochBlock_256	24	static
E:/Software_Package/Projects/99_Applications/991_AI_People_Detection/Model/network.c:5959:13:_ec_blob_cache_start_func_257	16	static
E:/Software_Package/Projects/99_Applications/991_AI_People_Detection/Model/network.c:5973:31:LL_ATON_EpochBlockItems_Default	4	static
E:/Software_Package/Projects/99_Applications/991_AI_People_Detection/Model/network.c:7284:30:LL_ATON_Input_Buffers_Info_Default	4	static
E:/Software_Package/Projects/99_Applications/991_AI_People_Detection/Model/network.c:11820:30:LL_ATON_Output_Buffers_Info_Default	4	static
E:/Software_Package/Projects/99_Applications/991_AI_People_Detection/Model/network.c:11859:30:LL_ATON_Internal_Buffers_Info_Default	4	static
