E:/Software_Package/Middlewares/AI/Npu/ll_aton/ll_aton_NN_interface.h:589:26:LL_Buffer_len	16	static
E:/Software_Package/Projects/99_Applications/991_AI_People_Detection/Appli/Core/Src/app.c:82:6:app_run	56	static
E:/Software_Package/Projects/99_Applications/991_AI_People_Detection/Appli/Core/Src/app.c:102:13:app_camera_display_pipe_vsync_cb	8	static
E:/Software_Package/Projects/99_Applications/991_AI_People_Detection/Appli/Core/Src/app.c:107:13:app_camera_display_pipe_frame_cb	8	static
E:/Software_Package/Projects/99_Applications/991_AI_People_Detection/Appli/Core/Src/app.c:113:13:app_camera_nn_pipe_frame_cb	16	static
E:/Software_Package/Projects/99_Applications/991_AI_People_Detection/Appli/Core/Src/app.c:125:13:nn_thread_entry	72	static,ignoring_inline_asm
E:/Software_Package/Projects/99_Applications/991_AI_People_Detection/Appli/Core/Src/app.c:172:13:pp_thread_entry	72	static
E:/Software_Package/Projects/99_Applications/991_AI_People_Detection/Appli/Core/Src/app.c:205:13:dp_thread_entry	1248	static
E:/Software_Package/Projects/99_Applications/991_AI_People_Detection/Appli/Core/Src/app.c:225:13:isp_thread_entry	16	static
E:/Software_Package/Projects/99_Applications/991_AI_People_Detection/Appli/Core/Src/app.c:235:16:app_clamp_point	24	static
E:/Software_Package/Projects/99_Applications/991_AI_People_Detection/Appli/Core/Src/app.c:266:13:app_display_detection	64	static
E:/Software_Package/Projects/99_Applications/991_AI_People_Detection/Appli/Core/Src/app.c:294:13:app_display_network_output	48	static
