../../../../../../STM32Cube_FW_N6_V1.0.0/Drivers/STM32N6xx_HAL_Driver/Inc/stm32n6xx_ll_bus.h:561:22:LL_BUS_EnableClockLowPower	1
../../../../../../STM32Cube_FW_N6_V1.0.0/Drivers/STM32N6xx_HAL_Driver/Inc/stm32n6xx_ll_bus.h:785:22:LL_MEM_EnableClockLowPower	1
../../../../../../STM32Cube_FW_N6_V1.0.0/Drivers/STM32N6xx_HAL_Driver/Inc/stm32n6xx_ll_bus.h:953:22:LL_AHB1_GRP1_EnableClockLowPower	1
../../../../../../STM32Cube_FW_N6_V1.0.0/Drivers/STM32N6xx_HAL_Driver/Inc/stm32n6xx_ll_bus.h:1093:22:LL_AHB2_GRP1_EnableClockLowPower	1
../../../../../../STM32Cube_FW_N6_V1.0.0/Drivers/STM32N6xx_HAL_Driver/Inc/stm32n6xx_ll_bus.h:1165:22:LL_AHB3_GRP1_EnableClock	1
../../../../../../STM32Cube_FW_N6_V1.0.0/Drivers/STM32N6xx_HAL_Driver/Inc/stm32n6xx_ll_bus.h:1249:22:LL_AHB3_GRP1_ForceReset	1
../../../../../../STM32Cube_FW_N6_V1.0.0/Drivers/STM32N6xx_HAL_Driver/Inc/stm32n6xx_ll_bus.h:1273:22:LL_AHB3_GRP1_ReleaseReset	1
../../../../../../STM32Cube_FW_N6_V1.0.0/Drivers/STM32N6xx_HAL_Driver/Inc/stm32n6xx_ll_bus.h:1301:22:LL_AHB3_GRP1_EnableClockLowPower	1
../../../../../../STM32Cube_FW_N6_V1.0.0/Drivers/STM32N6xx_HAL_Driver/Inc/stm32n6xx_ll_bus.h:1407:22:LL_AHB4_GRP1_EnableClock	1
../../../../../../STM32Cube_FW_N6_V1.0.0/Drivers/STM32N6xx_HAL_Driver/Inc/stm32n6xx_ll_bus.h:1601:22:LL_AHB4_GRP1_EnableClockLowPower	1
../../../../../../STM32Cube_FW_N6_V1.0.0/Drivers/STM32N6xx_HAL_Driver/Inc/stm32n6xx_ll_bus.h:1755:22:LL_AHB5_GRP1_EnableClock	1
../../../../../../STM32Cube_FW_N6_V1.0.0/Drivers/STM32N6xx_HAL_Driver/Inc/stm32n6xx_ll_bus.h:1945:22:LL_AHB5_GRP1_ForceReset	1
../../../../../../STM32Cube_FW_N6_V1.0.0/Drivers/STM32N6xx_HAL_Driver/Inc/stm32n6xx_ll_bus.h:1999:22:LL_AHB5_GRP1_ReleaseReset	1
../../../../../../STM32Cube_FW_N6_V1.0.0/Drivers/STM32N6xx_HAL_Driver/Inc/stm32n6xx_ll_bus.h:2065:22:LL_AHB5_GRP1_EnableClockLowPower	1
../../../../../../STM32Cube_FW_N6_V1.0.0/Drivers/STM32N6xx_HAL_Driver/Inc/stm32n6xx_ll_bus.h:2591:22:LL_APB1_GRP1_EnableClockLowPower	1
../../../../../../STM32Cube_FW_N6_V1.0.0/Drivers/STM32N6xx_HAL_Driver/Inc/stm32n6xx_ll_bus.h:2823:22:LL_APB1_GRP2_EnableClockLowPower	1
../../../../../../STM32Cube_FW_N6_V1.0.0/Drivers/STM32N6xx_HAL_Driver/Inc/stm32n6xx_ll_bus.h:3123:22:LL_APB2_GRP1_EnableClockLowPower	1
../../../../../../STM32Cube_FW_N6_V1.0.0/Drivers/STM32N6xx_HAL_Driver/Inc/stm32n6xx_ll_bus.h:3411:22:LL_APB4_GRP1_EnableClockLowPower	1
../../../../../../STM32Cube_FW_N6_V1.0.0/Drivers/STM32N6xx_HAL_Driver/Inc/stm32n6xx_ll_bus.h:3575:22:LL_APB4_GRP2_EnableClockLowPower	1
../../../../../../STM32Cube_FW_N6_V1.0.0/Drivers/STM32N6xx_HAL_Driver/Inc/stm32n6xx_ll_bus.h:3743:22:LL_APB5_GRP1_EnableClockLowPower	1
../../../../../../STM32Cube_FW_N6_V1.0.0/Drivers/STM32N6xx_HAL_Driver/Inc/stm32n6xx_ll_bus.h:3915:22:LL_MISC_EnableClockLowPower	1
E:/Software_Package/Projects/99_Applications/991_AI_People_Detection/Appli/Core/Src/main.c:101:5:main	5
E:/Software_Package/Projects/99_Applications/991_AI_People_Detection/Appli/Core/Src/main.c:158:6:MX_DMA2D_Init	2
E:/Software_Package/Projects/99_Applications/991_AI_People_Detection/Appli/Core/Src/main.c:187:6:MX_I2C2_Init	4
E:/Software_Package/Projects/99_Applications/991_AI_People_Detection/Appli/Core/Src/main.c:235:6:MX_LTDC_Init	4
E:/Software_Package/Projects/99_Applications/991_AI_People_Detection/Appli/Core/Src/main.c:317:13:MX_RAMCFG_Init	5
E:/Software_Package/Projects/99_Applications/991_AI_People_Detection/Appli/Core/Src/main.c:374:15:SystemIsolation_Config	1
E:/Software_Package/Projects/99_Applications/991_AI_People_Detection/Appli/Core/Src/main.c:456:13:MX_USART1_UART_Init	5
E:/Software_Package/Projects/99_Applications/991_AI_People_Detection/Appli/Core/Src/main.c:504:6:MX_XSPI1_Init	4
E:/Software_Package/Projects/99_Applications/991_AI_People_Detection/Appli/Core/Src/main.c:564:6:MX_XSPI2_Init	3
E:/Software_Package/Projects/99_Applications/991_AI_People_Detection/Appli/Core/Src/main.c:615:13:MX_GPIO_Init	1
E:/Software_Package/Projects/99_Applications/991_AI_People_Detection/Appli/Core/Src/main.c:678:6:tx_application_define	2
E:/Software_Package/Projects/99_Applications/991_AI_People_Detection/Appli/Core/Src/main.c:686:13:main_thread_entry	5
E:/Software_Package/Projects/99_Applications/991_AI_People_Detection/Appli/Core/Src/main.c:739:13:system_clock_config	8
E:/Software_Package/Projects/99_Applications/991_AI_People_Detection/Appli/Core/Src/main.c:849:13:npu_config	1
E:/Software_Package/Projects/99_Applications/991_AI_People_Detection/Appli/Core/Src/main.c:856:13:iac_config	1
E:/Software_Package/Projects/99_Applications/991_AI_People_Detection/Appli/Core/Src/main.c:863:13:npu_cache_config	1
E:/Software_Package/Projects/99_Applications/991_AI_People_Detection/Appli/Core/Src/main.c:869:13:low_power_clock_config	1
E:/Software_Package/Projects/99_Applications/991_AI_People_Detection/Appli/Core/Src/main.c:893:6:Error_Handler	1
