../../../../../../STM32Cube_FW_N6_V1.0.0/Drivers/STM32N6xx_HAL_Driver/Inc/stm32n6xx_ll_bus.h:679:22:LL_MEM_EnableClock	24	static
../../../../../../STM32Cube_FW_N6_V1.0.0/Drivers/STM32N6xx_HAL_Driver/Inc/stm32n6xx_ll_bus.h:751:22:LL_MEM_DisableClock	16	static
../../../../../../STM32Cube_FW_N6_V1.0.0/Drivers/STM32N6xx_HAL_Driver/Inc/stm32n6xx_ll_bus.h:1009:22:LL_AHB2_GRP1_EnableClock	24	static
../../../../../../STM32Cube_FW_N6_V1.0.0/Drivers/STM32N6xx_HAL_Driver/Inc/stm32n6xx_ll_bus.h:1045:22:LL_AHB2_GRP1_DisableClock	16	static
../../../../../../STM32Cube_FW_N6_V1.0.0/Drivers/STM32N6xx_HAL_Driver/Inc/stm32n6xx_ll_bus.h:1407:22:LL_AHB4_GRP1_EnableClock	24	static
../../../../../../STM32Cube_FW_N6_V1.0.0/Drivers/STM32N6xx_HAL_Driver/Inc/stm32n6xx_ll_bus.h:1755:22:LL_AHB5_GRP1_EnableClock	24	static
../../../../../../STM32Cube_FW_N6_V1.0.0/Drivers/STM32N6xx_HAL_Driver/Inc/stm32n6xx_ll_bus.h:1891:22:LL_AHB5_GRP1_DisableClock	16	static
../../../../../../STM32Cube_FW_N6_V1.0.0/Drivers/STM32N6xx_HAL_Driver/Inc/stm32n6xx_ll_bus.h:1945:22:LL_AHB5_GRP1_ForceReset	16	static
../../../../../../STM32Cube_FW_N6_V1.0.0/Drivers/STM32N6xx_HAL_Driver/Inc/stm32n6xx_ll_bus.h:1999:22:LL_AHB5_GRP1_ReleaseReset	16	static
../../../../../../STM32Cube_FW_N6_V1.0.0/Drivers/STM32N6xx_HAL_Driver/Inc/stm32n6xx_ll_bus.h:2273:22:LL_APB1_GRP1_EnableClock	24	static
../../../../../../STM32Cube_FW_N6_V1.0.0/Drivers/STM32N6xx_HAL_Driver/Inc/stm32n6xx_ll_bus.h:2403:22:LL_APB1_GRP1_DisableClock	16	static
../../../../../../STM32Cube_FW_N6_V1.0.0/Drivers/STM32N6xx_HAL_Driver/Inc/stm32n6xx_ll_bus.h:2909:22:LL_APB2_GRP1_EnableClock	24	static
../../../../../../STM32Cube_FW_N6_V1.0.0/Drivers/STM32N6xx_HAL_Driver/Inc/stm32n6xx_ll_bus.h:2997:22:LL_APB2_GRP1_DisableClock	16	static
../../../../../../STM32Cube_FW_N6_V1.0.0/Drivers/STM32N6xx_HAL_Driver/Inc/stm32n6xx_ll_bus.h:3639:22:LL_APB5_GRP1_EnableClock	24	static
../../../../../../STM32Cube_FW_N6_V1.0.0/Drivers/STM32N6xx_HAL_Driver/Inc/stm32n6xx_ll_bus.h:3683:22:LL_APB5_GRP1_DisableClock	16	static
E:/Software_Package/Projects/99_Applications/991_AI_People_Detection/Appli/Core/Src/stm32n6xx_hal_msp.c:63:6:HAL_MspInit	8	static
E:/Software_Package/Projects/99_Applications/991_AI_People_Detection/Appli/Core/Src/stm32n6xx_hal_msp.c:92:6:HAL_DMA2D_MspInit	16	static
E:/Software_Package/Projects/99_Applications/991_AI_People_Detection/Appli/Core/Src/stm32n6xx_hal_msp.c:115:6:HAL_DMA2D_MspDeInit	16	static
E:/Software_Package/Projects/99_Applications/991_AI_People_Detection/Appli/Core/Src/stm32n6xx_hal_msp.c:137:6:HAL_I2C_MspInit	440	static
E:/Software_Package/Projects/99_Applications/991_AI_People_Detection/Appli/Core/Src/stm32n6xx_hal_msp.c:184:6:HAL_I2C_MspDeInit	16	static
E:/Software_Package/Projects/99_Applications/991_AI_People_Detection/Appli/Core/Src/stm32n6xx_hal_msp.c:215:6:HAL_LTDC_MspInit	440	static
E:/Software_Package/Projects/99_Applications/991_AI_People_Detection/Appli/Core/Src/stm32n6xx_hal_msp.c:334:6:HAL_LTDC_MspDeInit	16	static
E:/Software_Package/Projects/99_Applications/991_AI_People_Detection/Appli/Core/Src/stm32n6xx_hal_msp.c:401:6:HAL_RAMCFG_MspInit	16	static
E:/Software_Package/Projects/99_Applications/991_AI_People_Detection/Appli/Core/Src/stm32n6xx_hal_msp.c:424:6:HAL_RAMCFG_MspDeInit	16	static
E:/Software_Package/Projects/99_Applications/991_AI_People_Detection/Appli/Core/Src/stm32n6xx_hal_msp.c:447:6:HAL_UART_MspInit	440	static
E:/Software_Package/Projects/99_Applications/991_AI_People_Detection/Appli/Core/Src/stm32n6xx_hal_msp.c:495:6:HAL_UART_MspDeInit	16	static
E:/Software_Package/Projects/99_Applications/991_AI_People_Detection/Appli/Core/Src/stm32n6xx_hal_msp.c:526:6:HAL_XSPI_MspInit	440	static
E:/Software_Package/Projects/99_Applications/991_AI_People_Detection/Appli/Core/Src/stm32n6xx_hal_msp.c:645:6:HAL_XSPI_MspDeInit	16	static
E:/Software_Package/Projects/99_Applications/991_AI_People_Detection/Appli/Core/Src/stm32n6xx_hal_msp.c:719:6:HAL_CACHEAXI_MspInit	16	static
E:/Software_Package/Projects/99_Applications/991_AI_People_Detection/Appli/Core/Src/stm32n6xx_hal_msp.c:730:6:HAL_CACHEAXI_MspDeInit	16	static
