E:/Software_Package/Middlewares/STM32_VISION_MODELS_PP/Src/vision_models_pp.c:16:6:vision_models_maxi_if32ou32	376	static
E:/Software_Package/Middlewares/STM32_VISION_MODELS_PP/Src/vision_models_pp.c:59:6:vision_models_maxi_p_if32ou16	344	static
E:/Software_Package/Middlewares/STM32_VISION_MODELS_PP/Src/vision_models_pp.c:89:6:vision_models_maxi_p_if32ou8	328	static
E:/Software_Package/Middlewares/STM32_VISION_MODELS_PP/Src/vision_models_pp.c:119:6:vision_models_maxi_tr_if32ou32	408	static
E:/Software_Package/Middlewares/STM32_VISION_MODELS_PP/Src/vision_models_pp.c:269:6:vision_models_maxi_iu8ou8	376	static
E:/Software_Package/Middlewares/STM32_VISION_MODELS_PP/Src/vision_models_pp.c:309:6:vision_models_maxi_iu8ou16	392	static
E:/Software_Package/Middlewares/STM32_VISION_MODELS_PP/Src/vision_models_pp.c:363:6:vision_models_maxi_p_iu8ou8	368	static
E:/Software_Package/Middlewares/STM32_VISION_MODELS_PP/Src/vision_models_pp.c:408:6:vision_models_maxi_p_is8ou8	368	static
E:/Software_Package/Middlewares/STM32_VISION_MODELS_PP/Src/vision_models_pp.c:453:6:vision_models_maxi_p_iu8ou16	328	static
E:/Software_Package/Middlewares/STM32_VISION_MODELS_PP/Src/vision_models_pp.c:482:6:vision_models_maxi_p_is8ou16	328	static
E:/Software_Package/Middlewares/STM32_VISION_MODELS_PP/Src/vision_models_pp.c:677:6:vision_models_maxi_tr_p_if32ou32	304	static
E:/Software_Package/Middlewares/STM32_VISION_MODELS_PP/Src/vision_models_pp.c:727:6:vision_models_maxi_tr_p_is8ou16	752	static
E:/Software_Package/Middlewares/STM32_VISION_MODELS_PP/Src/vision_models_pp.c:783:6:vision_models_maxi_tr_p_is8ou8	296	static
E:/Software_Package/Middlewares/STM32_VISION_MODELS_PP/Src/vision_models_pp.c:851:6:vision_models_maxi_tr_is8ou8	32	static
E:/Software_Package/Middlewares/STM32_VISION_MODELS_PP/Src/vision_models_pp.c:865:6:vision_models_maxi_tr_is8ou16	32	static
E:/Software_Package/Middlewares/STM32_VISION_MODELS_PP/Src/vision_models_pp.c:880:11:vision_models_sigmoid_f	16	static
E:/Software_Package/Middlewares/STM32_VISION_MODELS_PP/Src/vision_models_pp.c:886:6:vision_models_softmax_f	48	static
E:/Software_Package/Middlewares/STM32_VISION_MODELS_PP/Src/vision_models_pp.c:906:11:overlap	48	static
E:/Software_Package/Middlewares/STM32_VISION_MODELS_PP/Src/vision_models_pp.c:918:11:box_intersection	32	static
E:/Software_Package/Middlewares/STM32_VISION_MODELS_PP/Src/vision_models_pp.c:928:11:box_union	24	static
E:/Software_Package/Middlewares/STM32_VISION_MODELS_PP/Src/vision_models_pp.c:936:11:vision_models_box_iou	24	static
E:/Software_Package/Middlewares/STM32_VISION_MODELS_PP/Src/vision_models_pp.c:948:9:twice_overlap_int	48	static
E:/Software_Package/Middlewares/STM32_VISION_MODELS_PP/Src/vision_models_pp.c:960:9:box_intersection_is8	32	static
E:/Software_Package/Middlewares/STM32_VISION_MODELS_PP/Src/vision_models_pp.c:970:9:box_union_is8	24	static
E:/Software_Package/Middlewares/STM32_VISION_MODELS_PP/Src/vision_models_pp.c:978:11:vision_models_box_iou_is8	72	static
E:/Software_Package/Middlewares/STM32_VISION_MODELS_PP/Src/vision_models_pp.c:991:6:transpose_flattened_2D	40	static
E:/Software_Package/Middlewares/STM32_VISION_MODELS_PP/Src/vision_models_pp.c:1012:6:dequantize	40	static
