E:/Software_Package/Middlewares/STM32_MW_ISP/isp/Src/isp_services.c:138:13:To_Shift_Multiplier	40	static
E:/Software_Package/Middlewares/STM32_MW_ISP/isp/Src/isp_services.c:155:17:From_Shift_Multiplier	48	static
E:/Software_Package/Middlewares/STM32_MW_ISP/isp/Src/isp_services.c:163:16:To_CConv_Reg	24	static
E:/Software_Package/Middlewares/STM32_MW_ISP/isp/Src/isp_services.c:173:16:From_CConv_Reg	32	static
E:/Software_Package/Middlewares/STM32_MW_ISP/isp/Src/isp_services.c:183:16:GetAvgStats	32	static
E:/Software_Package/Middlewares/STM32_MW_ISP/isp/Src/isp_services.c:215:13:ReadStatHistogram	24	static
E:/Software_Package/Middlewares/STM32_MW_ISP/isp/Src/isp_services.c:223:13:SetStatConfig	24	static
E:/Software_Package/Middlewares/STM32_MW_ISP/isp/Src/isp_services.c:231:32:GetNextStatStage	24	static
E:/Software_Package/Middlewares/STM32_MW_ISP/isp/Src/isp_services.c:352:32:GetStatCycleStart	24	static
E:/Software_Package/Middlewares/STM32_MW_ISP/isp/Src/isp_services.c:387:32:GetStatCycleEnd	24	static
E:/Software_Package/Middlewares/STM32_MW_ISP/isp/Src/isp_services.c:422:9:LuminanceFromRGB	16	static
E:/Software_Package/Middlewares/STM32_MW_ISP/isp/Src/isp_services.c:428:9:LuminanceFromRGBMono	16	static
E:/Software_Package/Middlewares/STM32_MW_ISP/isp/Src/isp_services.c:443:19:ISP_SVC_ISP_SetDemosaicing	40	static
E:/Software_Package/Middlewares/STM32_MW_ISP/isp/Src/isp_services.c:508:19:ISP_SVC_ISP_SetStatRemoval	24	static
E:/Software_Package/Middlewares/STM32_MW_ISP/isp/Src/isp_services.c:547:19:ISP_SVC_ISP_SetDecimation	32	static
E:/Software_Package/Middlewares/STM32_MW_ISP/isp/Src/isp_services.c:607:19:ISP_SVC_ISP_GetDecimation	16	static
E:/Software_Package/Middlewares/STM32_MW_ISP/isp/Src/isp_services.c:621:19:ISP_SVC_ISP_SetContrast	32	static
E:/Software_Package/Middlewares/STM32_MW_ISP/isp/Src/isp_services.c:675:19:ISP_SVC_ISP_SetStatArea	40	static
E:/Software_Package/Middlewares/STM32_MW_ISP/isp/Src/isp_services.c:725:19:ISP_SVC_ISP_GetStatArea	32	static
E:/Software_Package/Middlewares/STM32_MW_ISP/isp/Src/isp_services.c:764:19:ISP_SVC_ISP_SetBadPixel	24	static
E:/Software_Package/Middlewares/STM32_MW_ISP/isp/Src/isp_services.c:804:19:ISP_SVC_ISP_GetBadPixel	24	static
E:/Software_Package/Middlewares/STM32_MW_ISP/isp/Src/isp_services.c:834:19:ISP_SVC_ISP_SetBlackLevel	24	static
E:/Software_Package/Middlewares/STM32_MW_ISP/isp/Src/isp_services.c:877:19:ISP_SVC_ISP_GetBlackLevel	24	static
E:/Software_Package/Middlewares/STM32_MW_ISP/isp/Src/isp_services.c:905:19:ISP_SVC_ISP_SetGain	24	static
E:/Software_Package/Middlewares/STM32_MW_ISP/isp/Src/isp_services.c:948:19:ISP_SVC_ISP_GetGain	24	static
E:/Software_Package/Middlewares/STM32_MW_ISP/isp/Src/isp_services.c:975:19:ISP_SVC_ISP_SetColorConv	56	static
E:/Software_Package/Middlewares/STM32_MW_ISP/isp/Src/isp_services.c:1038:19:ISP_SVC_ISP_GetColorConv	48	static
E:/Software_Package/Middlewares/STM32_MW_ISP/isp/Src/isp_services.c:1072:19:ISP_SVC_Sensor_GetInfo	16	static
E:/Software_Package/Middlewares/STM32_MW_ISP/isp/Src/isp_services.c:1098:19:ISP_SVC_Sensor_SetGain	16	static
E:/Software_Package/Middlewares/STM32_MW_ISP/isp/Src/isp_services.c:1124:19:ISP_SVC_Sensor_GetGain	16	static
E:/Software_Package/Middlewares/STM32_MW_ISP/isp/Src/isp_services.c:1150:19:ISP_SVC_Sensor_SetExposure	16	static
E:/Software_Package/Middlewares/STM32_MW_ISP/isp/Src/isp_services.c:1176:19:ISP_SVC_Sensor_GetExposure	16	static
E:/Software_Package/Middlewares/STM32_MW_ISP/isp/Src/isp_services.c:1202:19:ISP_SVC_Sensor_SetTestPattern	16	static
E:/Software_Package/Middlewares/STM32_MW_ISP/isp/Src/isp_services.c:1231:19:ISP_SVC_Misc_GetDCMIPPVersion	32	static
E:/Software_Package/Middlewares/STM32_MW_ISP/isp/Src/isp_services.c:1252:19:ISP_SVC_Misc_IsDCMIPPReady	16	static
E:/Software_Package/Middlewares/STM32_MW_ISP/isp/Src/isp_services.c:1274:6:ISP_SVC_Misc_IncMainFrameId	16	static
E:/Software_Package/Middlewares/STM32_MW_ISP/isp/Src/isp_services.c:1285:10:ISP_SVC_Misc_GetMainFrameId	16	static
E:/Software_Package/Middlewares/STM32_MW_ISP/isp/Src/isp_services.c:1296:6:ISP_SVC_Misc_IncAncillaryFrameId	16	static
E:/Software_Package/Middlewares/STM32_MW_ISP/isp/Src/isp_services.c:1307:10:ISP_SVC_Misc_GetAncillaryFrameId	16	static
E:/Software_Package/Middlewares/STM32_MW_ISP/isp/Src/isp_services.c:1318:6:ISP_SVC_Misc_IncDumpFrameId	16	static
E:/Software_Package/Middlewares/STM32_MW_ISP/isp/Src/isp_services.c:1329:10:ISP_SVC_Misc_GetDumpFrameId	16	static
E:/Software_Package/Middlewares/STM32_MW_ISP/isp/Src/isp_services.c:1341:19:ISP_SVC_Misc_SetWBRefMode	16	static
E:/Software_Package/Middlewares/STM32_MW_ISP/isp/Src/isp_services.c:1357:19:ISP_SVC_Misc_GetWBRefMode	16	static
E:/Software_Package/Middlewares/STM32_MW_ISP/isp/Src/isp_services.c:1372:19:ISP_SVC_Misc_StopPreview	16	static
E:/Software_Package/Middlewares/STM32_MW_ISP/isp/Src/isp_services.c:1394:19:ISP_SVC_Misc_StartPreview	16	static
E:/Software_Package/Middlewares/STM32_MW_ISP/isp/Src/isp_services.c:1417:6:ISP_SVC_Misc_IsGammaEnabled	24	static
E:/Software_Package/Middlewares/STM32_MW_ISP/isp/Src/isp_services.c:1449:19:ISP_SVC_ISP_SetGamma	16	static
E:/Software_Package/Middlewares/STM32_MW_ISP/isp/Src/isp_services.c:1498:19:ISP_SVC_Dump_GetFrame	48	static
E:/Software_Package/Middlewares/STM32_MW_ISP/isp/Src/isp_services.c:1537:19:ISP_SVC_IQParam_Init	16	static
E:/Software_Package/Middlewares/STM32_MW_ISP/isp/Src/isp_services.c:1551:21:ISP_SVC_IQParam_Get	16	static
E:/Software_Package/Middlewares/STM32_MW_ISP/isp/Src/isp_services.c:1564:6:ISP_SVC_Stats_Init	16	static
E:/Software_Package/Middlewares/STM32_MW_ISP/isp/Src/isp_services.c:1575:6:ISP_SVC_Stats_Gather	88	static
E:/Software_Package/Middlewares/STM32_MW_ISP/isp/Src/isp_services.c:1803:19:ISP_SVC_Stats_ProcessCallbacks	40	static
E:/Software_Package/Middlewares/STM32_MW_ISP/isp/Src/isp_services.c:1849:19:ISP_SVC_Stats_GetLatest	16	static
E:/Software_Package/Middlewares/STM32_MW_ISP/isp/Src/isp_services.c:1875:19:ISP_SVC_Stats_GetNext	32	static
