../../../Appli/Core/Inc/partition_stm32n647xx.h:686:22:TZ_SAU_Setup	4	static
E:/Software_Package/Projects/99_Applications/991_AI_People_Detection/Appli/Core/Src/system_stm32n6xx_s.c:184:6:SystemInit	8	static
E:/Software_Package/Projects/99_Applications/991_AI_People_Detection/Appli/Core/Src/system_stm32n6xx_s.c:268:6:SystemCoreClockUpdate	56	static
E:/Software_Package/Projects/99_Applications/991_AI_People_Detection/Appli/Core/Src/system_stm32n6xx_s.c:428:24:SECURE_SystemCoreClockUpdate	16	static
