../../../../../../STM32Cube_FW_N6_V1.0.0/Drivers/CMSIS/Include/core_cm55.h:3852:22:__NVIC_EnableIRQ	16	static,ignoring_inline_asm
../../../../../../STM32Cube_FW_N6_V1.0.0/Drivers/CMSIS/Include/core_cm55.h:3890:22:__NVIC_DisableIRQ	16	static,ignoring_inline_asm
E:/Software_Package/Middlewares/AI/Npu/ll_aton/ll_aton_NN_interface.h:512:22:EpochBlock_IsLastEpochBlock	16	static
E:/Software_Package/Middlewares/AI/Npu/ll_aton/ll_aton_NN_interface.h:517:22:EpochBlock_IsEpochStart	16	static
E:/Software_Package/Middlewares/AI/Npu/ll_aton/ll_aton_NN_interface.h:527:22:EpochBlock_IsEpochBlob	16	static
E:/Software_Package/Middlewares/AI/Npu/ll_aton/ll_aton_NN_interface.h:537:22:EpochBlock_IsEpochPureHW	16	static
E:/Software_Package/Middlewares/AI/Npu/ll_aton/ll_aton_NN_interface.h:542:22:EpochBlock_IsEpochHybrid	16	static
E:/Software_Package/Middlewares/AI/Npu/ll_aton/ll_aton_NN_interface.h:547:22:EpochBlock_IsEpochInternal	16	static
E:/Software_Package/Middlewares/AI/Npu/ll_aton/ll_aton_NN_interface.h:552:26:EpochBlock_EpochControllerUnit	16	static
E:/Software_Package/Middlewares/AI/Npu/ll_aton/ll_aton_NN_interface.h:558:27:EpochBlock_EpochBlobAddr	16	static
E:/Software_Package/Middlewares/AI/Npu/ll_aton/ll_aton_runtime.h:46:22:__ll_set_aton_owner	16	static
E:/Software_Package/Middlewares/AI/Npu/ll_aton/ll_aton_runtime.h:63:22:__ll_clear_aton_owner	16	static
E:/Software_Package/Middlewares/AI/Npu/ll_aton/ll_aton_runtime.h:82:22:__LL_ATON_RT_Start_AtoNN_Epoch	16	static
E:/Software_Package/Middlewares/AI/Npu/ll_aton/ll_aton_runtime.h:113:22:__LL_ATON_RT_SetWaitMask	16	static
E:/Software_Package/Middlewares/AI/Npu/ll_aton/ll_aton_runtime.h:139:22:__LL_ATON_RT_RetFromLibEpochBlockArray	16	static
E:/Software_Package/Middlewares/AI/Npu/ll_aton/ll_aton_runtime.c:49:19:dump_dma_state	4	static
E:/Software_Package/Middlewares/AI/Npu/ll_aton/ll_aton_runtime.c:76:17:__LL_ATON_RT_CntEpochBlocks	24	static
E:/Software_Package/Middlewares/AI/Npu/ll_aton/ll_aton_runtime.c:92:20:__LL_ATON_RT_ExecStartEpochBlock	32	static
E:/Software_Package/Middlewares/AI/Npu/ll_aton/ll_aton_runtime.c:170:20:__LL_ATON_RT_ExecEndEpochBlock	24	static
E:/Software_Package/Middlewares/AI/Npu/ll_aton/ll_aton_runtime.c:222:13:__LL_ATON_RT_DetermineNextEpochBlock	16	static
E:/Software_Package/Middlewares/AI/Npu/ll_aton/ll_aton_runtime.c:263:24:__LL_ATON_RT_GetWaitMask	16	static
E:/Software_Package/Middlewares/AI/Npu/ll_aton/ll_aton_runtime.c:277:20:__LL_ATON_RT_Init_Network	24	static
E:/Software_Package/Middlewares/AI/Npu/ll_aton/ll_aton_runtime.c:331:6:LL_ATON_RT_SetRuntimeCallback	16	static
E:/Software_Package/Middlewares/AI/Npu/ll_aton/ll_aton_runtime.c:349:6:LL_ATON_RT_SetEpochCallback	16	static
E:/Software_Package/Middlewares/AI/Npu/ll_aton/ll_aton_runtime.c:359:6:LL_ATON_RT_Init_Network	24	static
E:/Software_Package/Middlewares/AI/Npu/ll_aton/ll_aton_runtime.c:387:6:LL_ATON_RT_DeInit_Network	24	static
E:/Software_Package/Middlewares/AI/Npu/ll_aton/ll_aton_runtime.c:436:6:LL_ATON_RT_Reset_Network	16	static
E:/Software_Package/Middlewares/AI/Npu/ll_aton/ll_aton_runtime.c:445:6:LL_ATON_RT_RuntimeInit	16	static
E:/Software_Package/Middlewares/AI/Npu/ll_aton/ll_aton_runtime.c:493:6:LL_ATON_RT_RuntimeDeInit	8	static
E:/Software_Package/Middlewares/AI/Npu/ll_aton/ll_aton_runtime.c:525:24:LL_ATON_RT_RunEpochBlock	24	static
E:/Software_Package/Middlewares/AI/Npu/ll_aton/ll_aton_runtime.c:685:13:__LL_ATON_RT_IrqErr	32	static
E:/Software_Package/Middlewares/AI/Npu/ll_aton/ll_aton_runtime.c:781:20:__LL_ATON_RT_IrqEpochBlock	32	static
E:/Software_Package/Middlewares/AI/Npu/ll_aton/ll_aton_runtime.c:830:20:__LL_ATON_RT_IrqEpochBlob	32	static
E:/Software_Package/Middlewares/AI/Npu/ll_aton/ll_aton_runtime.c:852:6:NPU0_IRQHandler	16	static,ignoring_inline_asm
