E:/Software_Package/Middlewares/AI/Npu/ll_aton/ll_aton_NN_interface.h:564:32:LL_Buffer_addr_base	24	static
E:/Software_Package/Middlewares/AI/Npu/ll_aton/ll_aton_NN_interface.h:574:32:LL_Buffer_addr_start	16	static
E:/Software_Package/Middlewares/AI/Npu/ll_aton/ll_aton_NN_interface.h:589:26:LL_Buffer_len	16	static
E:/Software_Package/Middlewares/AI/Npu/ll_aton/ll_aton_lib_sw_operators.c:41:20:__ll_aton_lib_copy_element	24	static
E:/Software_Package/Middlewares/AI/Npu/ll_aton/ll_aton_lib_sw_operators.c:89:24:__ll_aton_lib_calc_offset	32	static
E:/Software_Package/Middlewares/AI/Npu/ll_aton/ll_aton_lib_sw_operators.c:124:23:__ll_aton_lib_is_in_slice	48	static
E:/Software_Package/Middlewares/AI/Npu/ll_aton/ll_aton_lib_sw_operators.c:163:16:__ll_slice_get_input_and_output_base_pos	56	static
E:/Software_Package/Middlewares/AI/Npu/ll_aton/ll_aton_lib_sw_operators.c:199:20:__ll_slice_copy_elem	40	static
E:/Software_Package/Middlewares/AI/Npu/ll_aton/ll_aton_lib_sw_operators.c:216:13:__ll_aton_lib_slice	72	static
E:/Software_Package/Middlewares/AI/Npu/ll_aton/ll_aton_lib_sw_operators.c:278:5:LL_ATON_LIB_Slice	56	static
E:/Software_Package/Middlewares/AI/Npu/ll_aton/ll_aton_lib_sw_operators.c:317:12:__ll_aton_lib_sw_outputs_flat_copy	64	static
E:/Software_Package/Middlewares/AI/Npu/ll_aton/ll_aton_lib_sw_operators.c:374:13:__ll_aton_lib_split_aton_canonical	80	static
E:/Software_Package/Middlewares/AI/Npu/ll_aton/ll_aton_lib_sw_operators.c:408:13:__ll_aton_lib_split_onnx_canonical	72	static
E:/Software_Package/Middlewares/AI/Npu/ll_aton/ll_aton_lib_sw_operators.c:442:13:__ll_aton_lib_split_channel_batched	112	static
E:/Software_Package/Middlewares/AI/Npu/ll_aton/ll_aton_lib_sw_operators.c:516:5:LL_ATON_LIB_Split	32	static
E:/Software_Package/Middlewares/AI/Npu/ll_aton/ll_aton_lib_sw_operators.c:644:5:LL_ATON_LIB_SW_SpaceToDepth	144	static
E:/Software_Package/Middlewares/AI/Npu/ll_aton/ll_aton_lib_sw_operators.c:716:5:LL_ATON_LIB_SW_DepthToSpace	200	static
E:/Software_Package/Middlewares/AI/Npu/ll_aton/ll_aton_lib_sw_operators.c:849:24:__ll_transp_find_input_index	32	static
E:/Software_Package/Middlewares/AI/Npu/ll_aton/ll_aton_lib_sw_operators.c:864:23:__ll_transp_get_output_base_pos	40	static
E:/Software_Package/Middlewares/AI/Npu/ll_aton/ll_aton_lib_sw_operators.c:884:16:__ll_transp_get_input_base_pos	32	static
E:/Software_Package/Middlewares/AI/Npu/ll_aton/ll_aton_lib_sw_operators.c:903:13:__ll_aton_lib_transpose	80	static
E:/Software_Package/Middlewares/AI/Npu/ll_aton/ll_aton_lib_sw_operators.c:951:24:__ll_transp_find_input_index_3or4	32	static
E:/Software_Package/Middlewares/AI/Npu/ll_aton/ll_aton_lib_sw_operators.c:957:23:__ll_transp_get_output_base_pos_3or4	40	static
E:/Software_Package/Middlewares/AI/Npu/ll_aton/ll_aton_lib_sw_operators.c:977:16:__ll_transp_get_input_base_pos_3or4	32	static
E:/Software_Package/Middlewares/AI/Npu/ll_aton/ll_aton_lib_sw_operators.c:990:24:__ll_transp_get_inner_out_axis	24	static
E:/Software_Package/Middlewares/AI/Npu/ll_aton/ll_aton_lib_sw_operators.c:1001:13:__ll_aton_lib_transpose_3or4	96	static
E:/Software_Package/Middlewares/AI/Npu/ll_aton/ll_aton_lib_sw_operators.c:1046:5:LL_ATON_LIB_Transpose	64	static
E:/Software_Package/Middlewares/AI/Npu/ll_aton/ll_aton_lib_sw_operators.c:1112:14:__ll_aton_lib_memset16	48	static
E:/Software_Package/Middlewares/AI/Npu/ll_aton/ll_aton_lib_sw_operators.c:1148:14:__ll_aton_lib_memset24	40	static
E:/Software_Package/Middlewares/AI/Npu/ll_aton/ll_aton_lib_sw_operators.c:1164:14:__ll_aton_lib_memset32	40	static
E:/Software_Package/Middlewares/AI/Npu/ll_aton/ll_aton_lib_sw_operators.c:1180:21:__ll_aton_lib_memset	24	static
E:/Software_Package/Middlewares/AI/Npu/ll_aton/ll_aton_lib_sw_operators.c:1205:24:zero_neg	24	static
E:/Software_Package/Middlewares/AI/Npu/ll_aton/ll_aton_lib_sw_operators.c:1215:20:__ll_aton_lib_reflect_inner_framing_sw	56	static
E:/Software_Package/Middlewares/AI/Npu/ll_aton/ll_aton_lib_sw_operators.c:1330:20:__ll_aton_lib_edge_framing_sw	24	static
E:/Software_Package/Middlewares/AI/Npu/ll_aton/ll_aton_lib_sw_operators.c:1340:13:__ll_aton_lib_pad_filling_sw	24	static
E:/Software_Package/Middlewares/AI/Npu/ll_aton/ll_aton_lib_sw_operators.c:1407:13:__ll_aton_lib_pad_reflect_sw	144	static
E:/Software_Package/Middlewares/AI/Npu/ll_aton/ll_aton_lib_sw_operators.c:1610:13:__ll_aton_lib_pad_edge_sw	96	static
E:/Software_Package/Middlewares/AI/Npu/ll_aton/ll_aton_lib_sw_operators.c:1732:12:__ll_aton_lib_pad_filling	16	static
E:/Software_Package/Middlewares/AI/Npu/ll_aton/ll_aton_lib_sw_operators.c:1875:12:__ll_aton_lib_pad_framing_sw	16	static
E:/Software_Package/Middlewares/AI/Npu/ll_aton/ll_aton_lib_sw_operators.c:1994:5:LL_ATON_LIB_Pad	120	static
