E:/Software_Package/Middlewares/AI/Npu/ll_aton/ll_aton_NN_interface.h:512:22:EpochBlock_IsLastEpochBlock	16	static
E:/Software_Package/Middlewares/AI/Npu/ll_aton/ll_aton_NN_interface.h:542:22:EpochBlock_IsEpochHybrid	16	static
E:/Software_Package/Middlewares/AI/Npu/ll_aton/ll_aton_NN_interface.h:547:22:EpochBlock_IsEpochInternal	16	static
E:/Software_Package/Middlewares/AI/Npu/ll_aton/ll_aton_NN_interface.h:564:32:LL_Buffer_addr_base	24	static
E:/Software_Package/Middlewares/AI/Npu/ll_aton/ll_aton_NN_interface.h:574:32:LL_Buffer_addr_start	16	static
E:/Software_Package/Middlewares/AI/Npu/ll_aton/ll_aton_NN_interface.h:579:32:LL_Buffer_addr_end	16	static
E:/Software_Package/Middlewares/AI/Npu/ll_aton/ll_aton_NN_interface.h:589:26:LL_Buffer_len	16	static
E:/Software_Package/Middlewares/AI/Npu/ll_aton/ll_aton_runtime.h:63:22:__ll_clear_aton_owner	16	static
E:/Software_Package/Middlewares/AI/Npu/ll_aton/ll_aton_runtime.h:92:26:__LL_ATON_RT_GetCurrEpochBlockIndex	24	static
E:/Software_Package/Middlewares/AI/Npu/ll_aton/ll_aton_runtime.h:101:22:__LL_ATON_RT_SetCurrentEpochBlock	16	static
E:/Software_Package/Middlewares/AI/Npu/ll_aton/ll_aton_runtime.h:113:22:__LL_ATON_RT_SetWaitMask	16	static
E:/Software_Package/Middlewares/AI/Npu/ll_aton/ll_aton_runtime.h:139:22:__LL_ATON_RT_RetFromLibEpochBlockArray	16	static
E:/Software_Package/Middlewares/AI/Npu/ll_aton/ll_aton_runtime.h:181:22:LL_ATON_RT_Insert_LibEpochBlockArray	16	static
E:/Software_Package/Middlewares/AI/Npu/ll_aton/ll_aton_runtime.h:207:22:LL_ATON_RT_DecCurrEpochBlock	24	static
E:/Software_Package/Middlewares/AI/Npu/ll_aton/ll_aton_lib.c:43:5:LL_LIB_TENSOR_ELEMENTS	24	static
E:/Software_Package/Middlewares/AI/Npu/ll_aton/ll_aton_lib.c:51:6:__ll_lib_error	32	static
E:/Software_Package/Middlewares/AI/Npu/ll_aton/ll_aton_lib.c:130:34:__ll_lib_get_params	4	static
E:/Software_Package/Middlewares/AI/Npu/ll_aton/ll_aton_lib.c:135:21:__ll_lib_get_lower_heap	16	static
E:/Software_Package/Middlewares/AI/Npu/ll_aton/ll_aton_lib.c:142:20:__ll_lib_dump_strswitch	16	static
E:/Software_Package/Middlewares/AI/Npu/ll_aton/ll_aton_lib.c:165:13:__ll_lib_strswitch_set_dmas	48	static
E:/Software_Package/Middlewares/AI/Npu/ll_aton/ll_aton_lib.c:189:20:__ll_lib_start_transfer	16	static
E:/Software_Package/Middlewares/AI/Npu/ll_aton/ll_aton_lib.c:197:20:__ll_lib_stop_transfer	8	static
E:/Software_Package/Middlewares/AI/Npu/ll_aton/ll_aton_lib.c:203:24:__ll_lib_set_wait_mask	24	static
E:/Software_Package/Middlewares/AI/Npu/ll_aton/ll_aton_lib.c:214:20:__ll_lib_prepare_inputs_epoch	40	static
E:/Software_Package/Middlewares/AI/Npu/ll_aton/ll_aton_lib.c:249:20:__ll_lib_prepare_outputs_epoch	40	static
E:/Software_Package/Middlewares/AI/Npu/ll_aton/ll_aton_lib.c:286:22:__ll_lib_memcpy_prolog	48	static
E:/Software_Package/Middlewares/AI/Npu/ll_aton/ll_aton_lib.c:324:13:__ll_lib_inputs_memcpy_start	32	static
E:/Software_Package/Middlewares/AI/Npu/ll_aton/ll_aton_lib.c:365:13:__ll_lib_outputs_memcpy_start	32	static
E:/Software_Package/Middlewares/AI/Npu/ll_aton/ll_aton_lib.c:410:13:__LL_LIB_Concat_Case3_Start_EpochBlock	24	static
E:/Software_Package/Middlewares/AI/Npu/ll_aton/ll_aton_lib.c:419:13:__LL_LIB_Concat_Case3_End_EpochBlock	32	static
E:/Software_Package/Middlewares/AI/Npu/ll_aton/ll_aton_lib.c:466:13:__LL_LIB_Inputs_Memcpy_Start_EpochBlock	24	static
E:/Software_Package/Middlewares/AI/Npu/ll_aton/ll_aton_lib.c:475:13:__LL_LIB_Inputs_Memcpy_End_EpochBlock	24	static
E:/Software_Package/Middlewares/AI/Npu/ll_aton/ll_aton_lib.c:505:13:__LL_LIB_Inputs_Batched_Memcpy_Start_EpochBlock	24	static
E:/Software_Package/Middlewares/AI/Npu/ll_aton/ll_aton_lib.c:516:13:__LL_LIB_Inputs_Batched_Memcpy_End_EpochBlock	56	static
E:/Software_Package/Middlewares/AI/Npu/ll_aton/ll_aton_lib.c:561:13:__LL_LIB_Outputs_Channel_Split_Aton_Start_EpochBlock	24	static
E:/Software_Package/Middlewares/AI/Npu/ll_aton/ll_aton_lib.c:572:13:__LL_LIB_Outputs_Channel_Split_Aton_End_EpochBlock	64	static
E:/Software_Package/Middlewares/AI/Npu/ll_aton/ll_aton_lib.c:646:13:__LL_LIB_Outputs_Channel_Split_Batched_Start_EpochBlock	24	static
E:/Software_Package/Middlewares/AI/Npu/ll_aton/ll_aton_lib.c:657:13:__LL_LIB_Outputs_Channel_Split_Batched_End_EpochBlock	64	static
E:/Software_Package/Middlewares/AI/Npu/ll_aton/ll_aton_lib.c:736:13:__LL_LIB_Outputs_Memcpy_Start_EpochBlock	24	static
E:/Software_Package/Middlewares/AI/Npu/ll_aton/ll_aton_lib.c:745:13:__LL_LIB_Outputs_Memcpy_End_EpochBlock	24	static
E:/Software_Package/Middlewares/AI/Npu/ll_aton/ll_aton_lib.c:775:13:__LL_LIB_DMA_Pad_Memset_End_EpochBlock	24	static
E:/Software_Package/Middlewares/AI/Npu/ll_aton/ll_aton_lib.c:790:13:__LL_LIB_DMA_Pad_Filling_Start_EpochBlock	40	static
E:/Software_Package/Middlewares/AI/Npu/ll_aton/ll_aton_lib.c:838:13:__LL_LIB_DMA_Pad_Filling_End_EpochBlock	32	static
E:/Software_Package/Middlewares/AI/Npu/ll_aton/ll_aton_lib.c:1029:13:__LL_LIB_DMA_Transfer_Start_EpochBlock	24	static
E:/Software_Package/Middlewares/AI/Npu/ll_aton/ll_aton_lib.c:1035:13:__LL_LIB_DMA_Transfer_End_EpochBlock	16	static
E:/Software_Package/Middlewares/AI/Npu/ll_aton/ll_aton_lib.c:1204:13:__LL_ATON_LIB_DMA_Inputs_Memcpy	32	static
E:/Software_Package/Middlewares/AI/Npu/ll_aton/ll_aton_lib.c:1231:13:__LL_ATON_LIB_DMA_Inputs_Batched_Memcpy	208	static
E:/Software_Package/Middlewares/AI/Npu/ll_aton/ll_aton_lib.c:1309:13:__LL_ATON_LIB_DMA_Outputs_Memcpy	32	static
E:/Software_Package/Middlewares/AI/Npu/ll_aton/ll_aton_lib.c:1337:13:__LL_ATON_LIB_DMA_Outputs_Channel_Split_Aton	200	static
E:/Software_Package/Middlewares/AI/Npu/ll_aton/ll_aton_lib.c:1457:13:__LL_ATON_LIB_DMA_Outputs_Channel_Split_Batched	200	static
E:/Software_Package/Middlewares/AI/Npu/ll_aton/ll_aton_lib.c:1590:5:LL_ATON_LIB_DMA_ImageToRow	216	static
E:/Software_Package/Middlewares/AI/Npu/ll_aton/ll_aton_lib.c:1724:5:LL_ATON_LIB_DMA_SpaceToDepth	48	static
E:/Software_Package/Middlewares/AI/Npu/ll_aton/ll_aton_lib.c:1747:5:LL_ATON_LIB_DMA_RowToImage	208	static
E:/Software_Package/Middlewares/AI/Npu/ll_aton/ll_aton_lib.c:1855:5:LL_ATON_LIB_DMA_DepthToSpace	48	static
E:/Software_Package/Middlewares/AI/Npu/ll_aton/ll_aton_lib.c:1863:5:LL_ATON_LIB_DMA_Transpose	176	static
E:/Software_Package/Middlewares/AI/Npu/ll_aton/ll_aton_lib.c:2003:5:LL_ATON_LIB_Concat	176	static
E:/Software_Package/Middlewares/AI/Npu/ll_aton/ll_aton_lib.c:2289:12:floating_to_Q	32	static
E:/Software_Package/Middlewares/AI/Npu/ll_aton/ll_aton_lib.c:2303:14:Q_to_floating	24	static
E:/Software_Package/Middlewares/AI/Npu/ll_aton/ll_aton_lib.c:2312:12:floating_to_scale_offset	40	static
E:/Software_Package/Middlewares/AI/Npu/ll_aton/ll_aton_lib.c:2318:14:scale_offset_to_floating	40	static
E:/Software_Package/Middlewares/AI/Npu/ll_aton/ll_aton_lib.c:2325:12:Q_to_scale_offset	40	static
E:/Software_Package/Middlewares/AI/Npu/ll_aton/ll_aton_lib.c:2331:12:scale_offset_to_Q	40	static
E:/Software_Package/Middlewares/AI/Npu/ll_aton/ll_aton_lib.c:2337:13:dtype_convert_to_QMN	24	static
E:/Software_Package/Middlewares/AI/Npu/ll_aton/ll_aton_lib.c:2376:5:LL_ATON_LIB_Cast	304	static
E:/Software_Package/Middlewares/AI/Npu/ll_aton/ll_aton_lib.c:2609:12:LL_ATON_LIB_Softmax_float	88	static
E:/Software_Package/Middlewares/AI/Npu/ll_aton/ll_aton_lib.c:2680:12:LL_ATON_LIB_Softmax_INT8	112	static
E:/Software_Package/Middlewares/AI/Npu/ll_aton/ll_aton_lib.c:2765:12:LL_ATON_LIB_Softmax_float_legacy	120	static
E:/Software_Package/Middlewares/AI/Npu/ll_aton/ll_aton_lib.c:2862:12:LL_ATON_LIB_Softmax_INT8_legacy	152	static
E:/Software_Package/Middlewares/AI/Npu/ll_aton/ll_aton_lib.c:2969:5:LL_ATON_LIB_Softmax	48	static
E:/Software_Package/Middlewares/AI/Npu/ll_aton/ll_aton_lib.c:3030:5:LL_ATON_LIB_DMA_Outputs_Flat_Copy	48	static
E:/Software_Package/Middlewares/AI/Npu/ll_aton/ll_aton_lib.c:3079:5:LL_ATON_LIB_DMA_Outputs_Slice_SplitLike	176	static
E:/Software_Package/Middlewares/AI/Npu/ll_aton/ll_aton_lib.c:3150:5:LL_ATON_LIB_DMA_Outputs_Channel_Split_Aton	48	static
E:/Software_Package/Middlewares/AI/Npu/ll_aton/ll_aton_lib.c:3194:5:LL_ATON_LIB_DMA_Outputs_Channel_Split_Batched	48	static
E:/Software_Package/Middlewares/AI/Npu/ll_aton/ll_aton_lib.c:3233:24:__ll_lib_match_preload_with_busport	56	static
E:/Software_Package/Middlewares/AI/Npu/ll_aton/ll_aton_lib.c:3268:20:__ll_lib_load_const_val	64	static
E:/Software_Package/Middlewares/AI/Npu/ll_aton/ll_aton_lib.c:3343:22:__ll_lib_memset_prolog	32	static
E:/Software_Package/Middlewares/AI/Npu/ll_aton/ll_aton_lib.c:3370:13:__ll_lib_memset	192	static
E:/Software_Package/Middlewares/AI/Npu/ll_aton/ll_aton_lib.c:3438:20:__ll_lib_pad_save_params	64	static
E:/Software_Package/Middlewares/AI/Npu/ll_aton/ll_aton_lib.c:3486:5:LL_ATON_LIB_DMA_Pad_Memset	40	static
E:/Software_Package/Middlewares/AI/Npu/ll_aton/ll_aton_lib.c:3530:5:LL_ATON_LIB_DMA_Pad_Filling	24	static
