E:/Software_Package/Middlewares/AI/Npu/ll_aton/ll_aton.h:487:26:LL_Streng_len	16	static
E:/Software_Package/Middlewares/AI/Npu/ll_aton/ll_aton.c:64:20:ll_aton_static_checks	16	static
E:/Software_Package/Middlewares/AI/Npu/ll_aton/ll_aton.c:130:16:LL_Address_Physical2Virtual	16	static
E:/Software_Package/Middlewares/AI/Npu/ll_aton/ll_aton.c:135:16:LL_Address_Virtual2Physical	16	static
E:/Software_Package/Middlewares/AI/Npu/ll_aton/ll_aton.c:145:18:startWatchdog	16	static
E:/Software_Package/Middlewares/AI/Npu/ll_aton/ll_aton.c:156:18:checkWatchdog	4	static
E:/Software_Package/Middlewares/AI/Npu/ll_aton/ll_aton.c:169:5:LL_ATON_Init	56	static
E:/Software_Package/Middlewares/AI/Npu/ll_aton/ll_aton.c:271:5:LL_ATON_DeInit	16	static
E:/Software_Package/Middlewares/AI/Npu/ll_aton/ll_aton.c:303:5:LL_ATON_EnableUnits_Init	56	static
E:/Software_Package/Middlewares/AI/Npu/ll_aton/ll_aton.c:383:5:LL_ATON_DisableUnits_Init	32	static
E:/Software_Package/Middlewares/AI/Npu/ll_aton/ll_aton.c:464:5:LL_Streng_Wait	24	static
E:/Software_Package/Middlewares/AI/Npu/ll_aton/ll_aton.c:496:5:LL_Streng_TensorInit	96	static
E:/Software_Package/Middlewares/AI/Npu/ll_aton/ll_aton.c:773:5:LL_Streng_ExtSyncInit	24	static
E:/Software_Package/Middlewares/AI/Npu/ll_aton/ll_aton.c:803:5:LL_TriggerHigh	16	static
E:/Software_Package/Middlewares/AI/Npu/ll_aton/ll_aton.c:818:5:LL_TriggerLow	16	static
E:/Software_Package/Middlewares/AI/Npu/ll_aton/ll_aton.c:828:10:__atonn_getSrcPortID	24	static
E:/Software_Package/Middlewares/AI/Npu/ll_aton/ll_aton.c:897:10:__atonn_getDstPortID	24	static
E:/Software_Package/Middlewares/AI/Npu/ll_aton/ll_aton.c:972:5:LL_Switch_Init_NoReset	64	static
E:/Software_Package/Middlewares/AI/Npu/ll_aton/ll_aton.c:1022:5:LL_Switch_Init	24	static
E:/Software_Package/Middlewares/AI/Npu/ll_aton/ll_aton.c:1042:5:LL_Switch_Deinit	24	static
E:/Software_Package/Middlewares/AI/Npu/ll_aton/ll_aton.c:1065:5:LL_Switch_Deinit_Fine_Grained	40	static
E:/Software_Package/Middlewares/AI/Npu/ll_aton/ll_aton.c:1197:24:decun_inc_page_addr	24	static
E:/Software_Package/Middlewares/AI/Npu/ll_aton/ll_aton.c:1206:13:LL_Decun_CB_1byte	96	static
E:/Software_Package/Middlewares/AI/Npu/ll_aton/ll_aton.c:1361:13:LL_Decun_CB_2byte	104	static
E:/Software_Package/Middlewares/AI/Npu/ll_aton/ll_aton.c:1558:5:LL_Decun_Init	24	static
E:/Software_Package/Middlewares/AI/Npu/ll_aton/ll_aton.c:1612:5:LL_Convacc_Init	56	static
E:/Software_Package/Middlewares/AI/Npu/ll_aton/ll_aton.c:1815:16:get_Activacc_type	16	static
E:/Software_Package/Middlewares/AI/Npu/ll_aton/ll_aton.c:1844:5:LL_Activacc_Init	56	static
E:/Software_Package/Middlewares/AI/Npu/ll_aton/ll_aton.c:1964:16:get_Arithacc_type	16	static
E:/Software_Package/Middlewares/AI/Npu/ll_aton/ll_aton.c:2013:5:LL_Arithacc_Init	104	static
E:/Software_Package/Middlewares/AI/Npu/ll_aton/ll_aton.c:2247:16:get_Poolacc_type	16	static
E:/Software_Package/Middlewares/AI/Npu/ll_aton/ll_aton.c:2276:5:LL_Poolacc_Init	40	static
E:/Software_Package/Middlewares/AI/Npu/ll_aton/ll_aton.c:2406:5:LL_EpochCtrl_Init	24	static
E:/Software_Package/Middlewares/AI/Npu/ll_aton/ll_aton.c:2434:5:LL_EpochCtrl_Step	24	static
E:/Software_Package/Middlewares/AI/Npu/ll_aton/ll_aton.c:2450:5:LL_EpochCtrl_Wait	24	static
E:/Software_Package/Middlewares/AI/Npu/ll_aton/ll_aton.c:2480:14:LL_EpochCtrl_GetBlobSize	24	static
E:/Software_Package/Middlewares/AI/Npu/ll_aton/ll_aton.c:2487:6:LL_ATON_EnableClock	24	static
E:/Software_Package/Middlewares/AI/Npu/ll_aton/ll_aton.c:2494:6:LL_ATON_DisableClock	24	static
E:/Software_Package/Middlewares/AI/Npu/ll_aton/ll_aton.c:2520:20:LL_ATON_Dma_memcpy	200	static
